[
{"Album,Artist,Genre":"SOS,SZA,R&B"},
{"Album,Artist,Genre":"Nicole:NIKI:Pop"},
{"0":"PureBS","1":"Blake Shelton","2":"Country"}
]
