[
{"Album":"SOS","Artist":"SZA","Year":2022,"Peak":1,"Recommended":true},
{"Album":"Nicole:NIKI:2022:64:true"},
{"Album":"Pure BS\tBlake Shelton\t2007\t8\tfalse"}
]
