[
{"Album,Artist,Year,Peak,Recommended":"SOS,SZA,2022,1,true"},
{"0":"Nicole","1":"NIKI","2":2022,"3":64,"4":true},
{"0":"Pure BS\tBlake Shelton\t2007\t8\tfalse"}
]
